###############################################################################
#
# IAR ELF Linker V8.20.1.14183/W32 for ARM                02/Sep/2018  15:37:25
# Copyright 2007-2017 IAR Systems AB.
#
#    Output file  =  
#        F:\program_space\STM32_application\Solar_energy\Solar_energy_testv1.0\EWARM\Solar_energy_testv1.0\Exe\Solar_energy_testv1.0.out
#    Map file     =  
#        F:\program_space\STM32_application\Solar_energy\Solar_energy_testv1.0\EWARM\Solar_energy_testv1.0\List\Solar_energy_testv1.0.map
#    Command line =  
#        -f C:\Users\cking\AppData\Local\Temp\EW1E5B.tmp
#        (F:\program_space\STM32_application\Solar_energy\Solar_energy_testv1.0\EWARM\Solar_energy_testv1.0\Obj\bsp_driver_sd.o
#        F:\program_space\STM32_application\Solar_energy\Solar_energy_testv1.0\EWARM\Solar_energy_testv1.0\Obj\ccsbcs.o
#        F:\program_space\STM32_application\Solar_energy\Solar_energy_testv1.0\EWARM\Solar_energy_testv1.0\Obj\diskio.o
#        F:\program_space\STM32_application\Solar_energy\Solar_energy_testv1.0\EWARM\Solar_energy_testv1.0\Obj\dma.o
#        F:\program_space\STM32_application\Solar_energy\Solar_energy_testv1.0\EWARM\Solar_energy_testv1.0\Obj\fatfs.o
#        F:\program_space\STM32_application\Solar_energy\Solar_energy_testv1.0\EWARM\Solar_energy_testv1.0\Obj\ff.o
#        F:\program_space\STM32_application\Solar_energy\Solar_energy_testv1.0\EWARM\Solar_energy_testv1.0\Obj\ff_gen_drv.o
#        F:\program_space\STM32_application\Solar_energy\Solar_energy_testv1.0\EWARM\Solar_energy_testv1.0\Obj\gpio.o
#        F:\program_space\STM32_application\Solar_energy\Solar_energy_testv1.0\EWARM\Solar_energy_testv1.0\Obj\key.o
#        F:\program_space\STM32_application\Solar_energy\Solar_energy_testv1.0\EWARM\Solar_energy_testv1.0\Obj\main.o
#        F:\program_space\STM32_application\Solar_energy\Solar_energy_testv1.0\EWARM\Solar_energy_testv1.0\Obj\sd_diskio.o
#        F:\program_space\STM32_application\Solar_energy\Solar_energy_testv1.0\EWARM\Solar_energy_testv1.0\Obj\sdio.o
#        F:\program_space\STM32_application\Solar_energy\Solar_energy_testv1.0\EWARM\Solar_energy_testv1.0\Obj\startup_stm32f103xe.o
#        F:\program_space\STM32_application\Solar_energy\Solar_energy_testv1.0\EWARM\Solar_energy_testv1.0\Obj\stm32f1xx_hal.o
#        F:\program_space\STM32_application\Solar_energy\Solar_energy_testv1.0\EWARM\Solar_energy_testv1.0\Obj\stm32f1xx_hal_cortex.o
#        F:\program_space\STM32_application\Solar_energy\Solar_energy_testv1.0\EWARM\Solar_energy_testv1.0\Obj\stm32f1xx_hal_dma.o
#        F:\program_space\STM32_application\Solar_energy\Solar_energy_testv1.0\EWARM\Solar_energy_testv1.0\Obj\stm32f1xx_hal_flash.o
#        F:\program_space\STM32_application\Solar_energy\Solar_energy_testv1.0\EWARM\Solar_energy_testv1.0\Obj\stm32f1xx_hal_flash_ex.o
#        F:\program_space\STM32_application\Solar_energy\Solar_energy_testv1.0\EWARM\Solar_energy_testv1.0\Obj\stm32f1xx_hal_gpio.o
#        F:\program_space\STM32_application\Solar_energy\Solar_energy_testv1.0\EWARM\Solar_energy_testv1.0\Obj\stm32f1xx_hal_gpio_ex.o
#        F:\program_space\STM32_application\Solar_energy\Solar_energy_testv1.0\EWARM\Solar_energy_testv1.0\Obj\stm32f1xx_hal_msp.o
#        F:\program_space\STM32_application\Solar_energy\Solar_energy_testv1.0\EWARM\Solar_energy_testv1.0\Obj\stm32f1xx_hal_pwr.o
#        F:\program_space\STM32_application\Solar_energy\Solar_energy_testv1.0\EWARM\Solar_energy_testv1.0\Obj\stm32f1xx_hal_rcc.o
#        F:\program_space\STM32_application\Solar_energy\Solar_energy_testv1.0\EWARM\Solar_energy_testv1.0\Obj\stm32f1xx_hal_rcc_ex.o
#        F:\program_space\STM32_application\Solar_energy\Solar_energy_testv1.0\EWARM\Solar_energy_testv1.0\Obj\stm32f1xx_hal_sd.o
#        F:\program_space\STM32_application\Solar_energy\Solar_energy_testv1.0\EWARM\Solar_energy_testv1.0\Obj\stm32f1xx_hal_tim.o
#        F:\program_space\STM32_application\Solar_energy\Solar_energy_testv1.0\EWARM\Solar_energy_testv1.0\Obj\stm32f1xx_hal_tim_ex.o
#        F:\program_space\STM32_application\Solar_energy\Solar_energy_testv1.0\EWARM\Solar_energy_testv1.0\Obj\stm32f1xx_hal_uart.o
#        F:\program_space\STM32_application\Solar_energy\Solar_energy_testv1.0\EWARM\Solar_energy_testv1.0\Obj\stm32f1xx_it.o
#        F:\program_space\STM32_application\Solar_energy\Solar_energy_testv1.0\EWARM\Solar_energy_testv1.0\Obj\stm32f1xx_ll_sdmmc.o
#        F:\program_space\STM32_application\Solar_energy\Solar_energy_testv1.0\EWARM\Solar_energy_testv1.0\Obj\syscall.o
#        F:\program_space\STM32_application\Solar_energy\Solar_energy_testv1.0\EWARM\Solar_energy_testv1.0\Obj\system_stm32f1xx.o
#        F:\program_space\STM32_application\Solar_energy\Solar_energy_testv1.0\EWARM\Solar_energy_testv1.0\Obj\usart.o
#        --redirect _Printf=_PrintfFull --redirect _Scanf=_ScanfFull -o
#        F:\program_space\STM32_application\Solar_energy\Solar_energy_testv1.0\EWARM\Solar_energy_testv1.0\Exe\Solar_energy_testv1.0.out
#        --map
#        F:\program_space\STM32_application\Solar_energy\Solar_energy_testv1.0\EWARM\Solar_energy_testv1.0\List\Solar_energy_testv1.0.map
#        --config
#        F:\program_space\STM32_application\Solar_energy\Solar_energy_testv1.0\EWARM/stm32f103xe_flash.icf
#        --semihosting --entry __iar_program_start --vfe --text_out locale)
#
###############################################################################

*******************************************************************************
*** RUNTIME MODEL ATTRIBUTES
***

CppFlavor       = *
__SystemLibrary = DLib
__dlib_version  = 6


*******************************************************************************
*** HEAP SELECTION
***

The basic heap was selected because no calls to memory allocation
functions were found in the application outside of system library
functions, and there are calls to deallocation functions in the
application.


*******************************************************************************
*** PLACEMENT SUMMARY
***

"A0":  place at 0x08000000 { ro section .intvec };
"P1":  place in [from 0x08000000 to 0x0807ffff] { ro };
define block CSTACK with size = 4K, alignment = 8 { };
define block HEAP with size = 512, alignment = 8 { };
"P2":  place in [from 0x20000000 to 0x2000ffff] {
          rw, block CSTACK, block HEAP };
initialize by copy { rw };

  Section            Kind        Address    Size  Object
  -------            ----        -------    ----  ------
"A0":                                      0x130
  .intvec            ro code  0x08000000   0x130  startup_stm32f103xe.o [1]
                            - 0x08000130   0x130

"P1":                                     0x7090
  .text              ro code  0x08000130  0x1cbc  ff.o [1]
  .text              ro code  0x08001dec    0x66  ABImemset.o [5]
  .text              ro code  0x08001e52    0x7a  lz77_init_single.o [5]
  .text              ro code  0x08001ecc    0x74  diskio.o [1]
  .text              ro code  0x08001f40   0x51c  ccsbcs.o [1]
  .text              ro code  0x0800245c   0x290  fatfs.o [1]
  .text              ro code  0x080026ec    0x78  ff_gen_drv.o [1]
  .text              ro code  0x08002764    0x28  printf.o [3]
  .text              ro code  0x0800278c   0xf4e  xprintffull.o [3]
  .text              ro code  0x080036da    0x1e  xencoding_8859_1.o [3]
  .text              ro code  0x080036f8    0x78  xlocale_c.o [3]
  .text              ro code  0x08003770    0x16  strchr.o [5]
  .text              ro code  0x08003788    0x44  xfail_s.o [3]
  .text              ro code  0x080037cc    0x36  strlen.o [5]
  .text              ro code  0x08003804    0x58  memchr.o [5]
  .text              ro code  0x0800385c     0xa  xmbcurmax.o [3]
  .text              ro code  0x08003868    0xa6  ABImemcpy.o [5]
  .text              ro code  0x08003910   0x22e  I64DivMod.o [5]
  .text              ro code  0x08003b40   0x1a2  DblMul.o [4]
  .text              ro code  0x08003ce4    0x70  frexp.o [4]
  .text              ro code  0x08003d54    0x2e  DblCmpLe.o [4]
  .text              ro code  0x08003d84    0x2e  DblCmpGe.o [4]
  .text              ro code  0x08003db4   0x13a  ldexp.o [4]
  .text              ro code  0x08003ef0    0x3a  DblToS32.o [4]
  .text              ro code  0x08003f2c    0x22  S32ToDbl.o [4]
  .text              ro code  0x08003f50    0xe2  DblSub.o [4]
  .text              ro code  0x08004034   0x246  DblDiv.o [4]
  .text              ro code  0x0800427c    0x28  DblToU32.o [4]
  .text              ro code  0x080042a4    0x1a  U32ToDbl.o [4]
  .text              ro code  0x080042be     0x6  abort.o [3]
  .text              ro code  0x080042c4     0x2  I64DivZer.o [5]
  .text              ro code  0x080042c8   0x168  DblAdd.o [4]
  .text              ro code  0x08004430    0x14  exit.o [6]
  .text              ro code  0x08004444   0x93c  stm32f1xx_hal_sd.o [1]
  .text              ro code  0x08004d80   0x114  sdio.o [1]
  .text              ro code  0x08004e94   0x524  stm32f1xx_ll_sdmmc.o [1]
  .text              ro code  0x080053b8    0x28  stm32f1xx_hal.o [1]
  .text              ro code  0x080053e0     0xc  stm32f1xx_hal.o [1]
  .text              ro code  0x080053ec   0x1e0  stm32f1xx_hal_gpio.o [1]
  .text              ro code  0x080055cc   0x422  stm32f1xx_hal_dma.o [1]
  .text              ro code  0x080059f0   0x484  main.o [1]
  .text              ro code  0x08005e74    0x24  stm32f1xx_hal.o [1]
  .text              ro code  0x08005e98    0xb8  gpio.o [1]
  .text              ro code  0x08005f50    0x60  dma.o [1]
  .text              ro code  0x08005fb0   0x1c4  usart.o [1]
  .text              ro code  0x08006174   0x4e2  stm32f1xx_hal_rcc.o [1]
  .text              ro code  0x08006658    0xe6  stm32f1xx_hal_cortex.o [1]
  .text              ro code  0x08006740    0x40  stm32f1xx_hal.o [1]
  .text              ro code  0x08006780    0x84  stm32f1xx_hal_msp.o [1]
  .text              ro code  0x08006804   0x500  stm32f1xx_hal_uart.o [1]
  .text              ro code  0x08006d04     0x2  stm32f1xx_hal_uart.o [1]
  .text              ro code  0x08006d06     0x2  stm32f1xx_hal_uart.o [1]
  .text              ro code  0x08006d08     0x2  stm32f1xx_hal_uart.o [1]
  .text              ro code  0x08006d0a     0x2  stm32f1xx_hal_uart.o [1]
  .text              ro code  0x08006d0c    0xd4  sd_diskio.o [1]
  .text              ro code  0x08006de0    0x7c  bsp_driver_sd.o [1]
  .text              ro code  0x08006e5c    0x5c  system_stm32f1xx.o [1]
  .text              ro code  0x08006eb8    0x50  stm32f1xx_it.o [1]
  .text              ro code  0x08006f08    0x10  stm32f1xx_hal.o [1]
  .text              ro code  0x08006f18    0x40  zero_init3.o [5]
  .text              ro code  0x08006f58    0x28  data_init.o [5]
  .iar.init_table    const    0x08006f80    0x20  - Linker created -
  .text              ro code  0x08006fa0    0x1e  cmain.o [5]
  .text              ro code  0x08006fbe     0x4  low_level_init.o [3]
  .text              ro code  0x08006fc2     0x4  exit.o [3]
  .text              ro code  0x08006fc8     0xa  cexit.o [5]
  .text              ro code  0x08006fd2    0x16  xprout.o [3]
  .text              ro code  0x08006fe8     0xc  putchar.o [3]
  .rodata            const    0x08006ff4    0x14  sd_diskio.o [1]
  .text              ro code  0x08007008    0x10  startup_stm32f103xe.o [1]
  .text              ro code  0x08007018     0xc  cstartup_M.o [5]
  .rodata            const    0x08007024     0x8  system_stm32f1xx.o [1]
  .rodata            const    0x0800702c     0x6  xlocale_c.o [3]
  .text              ro code  0x08007032     0x4  startup_stm32f103xe.o [1]
  .text              ro code  0x08007036     0x4  startup_stm32f103xe.o [1]
  .text              ro code  0x0800703a     0x4  startup_stm32f103xe.o [1]
  .text              ro code  0x0800703e     0x4  startup_stm32f103xe.o [1]
  .text              ro code  0x08007042     0x4  startup_stm32f103xe.o [1]
  .text              ro code  0x08007046     0x4  startup_stm32f103xe.o [1]
  .text              ro code  0x0800704a     0x4  startup_stm32f103xe.o [1]
  .text              ro code  0x0800704e     0x4  startup_stm32f103xe.o [1]
  .text              ro code  0x08007052     0x4  startup_stm32f103xe.o [1]
  .text              ro code  0x08007056     0x4  startup_stm32f103xe.o [1]
  .text              ro code  0x0800705a     0x4  startup_stm32f103xe.o [1]
  .text              ro code  0x0800705e     0x4  startup_stm32f103xe.o [1]
  .text              ro code  0x08007062     0x4  startup_stm32f103xe.o [1]
  .text              ro code  0x08007066     0x4  startup_stm32f103xe.o [1]
  .text              ro code  0x0800706a     0x4  startup_stm32f103xe.o [1]
  .text              ro code  0x0800706e     0x4  startup_stm32f103xe.o [1]
  .text              ro code  0x08007072     0x4  startup_stm32f103xe.o [1]
  .text              ro code  0x08007076     0x4  startup_stm32f103xe.o [1]
  .text              ro code  0x0800707a     0x4  startup_stm32f103xe.o [1]
  .text              ro code  0x0800707e     0x4  startup_stm32f103xe.o [1]
  .text              ro code  0x08007082     0x4  startup_stm32f103xe.o [1]
  .text              ro code  0x08007086     0x4  startup_stm32f103xe.o [1]
  .text              ro code  0x0800708a     0x4  startup_stm32f103xe.o [1]
  .text              ro code  0x0800708e     0x4  startup_stm32f103xe.o [1]
  .text              ro code  0x08007092     0x4  startup_stm32f103xe.o [1]
  .text              ro code  0x08007096     0x4  startup_stm32f103xe.o [1]
  .text              ro code  0x0800709a     0x4  startup_stm32f103xe.o [1]
  .text              ro code  0x0800709e     0x4  startup_stm32f103xe.o [1]
  .text              ro code  0x080070a2     0x4  startup_stm32f103xe.o [1]
  .text              ro code  0x080070a6     0x4  startup_stm32f103xe.o [1]
  .text              ro code  0x080070aa     0x4  startup_stm32f103xe.o [1]
  .text              ro code  0x080070ae     0x4  startup_stm32f103xe.o [1]
  .text              ro code  0x080070b2     0x4  startup_stm32f103xe.o [1]
  .text              ro code  0x080070b6     0x4  startup_stm32f103xe.o [1]
  .text              ro code  0x080070ba     0x4  startup_stm32f103xe.o [1]
  .text              ro code  0x080070be     0x4  startup_stm32f103xe.o [1]
  .text              ro code  0x080070c2     0x4  startup_stm32f103xe.o [1]
  .text              ro code  0x080070c6     0x4  startup_stm32f103xe.o [1]
  .text              ro code  0x080070ca     0x4  startup_stm32f103xe.o [1]
  .text              ro code  0x080070ce     0x4  startup_stm32f103xe.o [1]
  .text              ro code  0x080070d2     0x4  startup_stm32f103xe.o [1]
  .text              ro code  0x080070d6     0x4  startup_stm32f103xe.o [1]
  .text              ro code  0x080070da     0x4  startup_stm32f103xe.o [1]
  .text              ro code  0x080070de     0x4  startup_stm32f103xe.o [1]
  .text              ro code  0x080070e2     0x4  startup_stm32f103xe.o [1]
  .text              ro code  0x080070e6     0x4  startup_stm32f103xe.o [1]
  .text              ro code  0x080070ea     0x4  startup_stm32f103xe.o [1]
  .text              ro code  0x080070ee     0x4  startup_stm32f103xe.o [1]
  .text              ro code  0x080070f2     0x4  startup_stm32f103xe.o [1]
  .text              ro code  0x080070f6     0x4  startup_stm32f103xe.o [1]
  .text              ro code  0x080070fa     0x4  startup_stm32f103xe.o [1]
  .text              ro code  0x080070fe     0x4  startup_stm32f103xe.o [1]
  .text              ro code  0x08007102     0x4  startup_stm32f103xe.o [1]
  .text              ro code  0x08007106     0x4  startup_stm32f103xe.o [1]
  .text              ro code  0x0800710a     0x4  startup_stm32f103xe.o [1]
  .text              ro code  0x0800710e     0x4  startup_stm32f103xe.o [1]
  .rodata            const    0x08007112     0x0  zero_init3.o [5]
  .rodata            const    0x08007112     0x0  lz77_init_single.o [5]
  Initializer bytes  const    0x08007112    0xae  <for P2-1>
                            - 0x080071c0  0x7090

"P2", part 1 of 3:                         0x97d
  P2-1                        0x20000000   0x97d  <Init block>
    .data            inited   0x20000000   0x8a4  main.o [1]
    .data            inited   0x200008a4     0xc  stm32f1xx_hal.o [1]
    .data            inited   0x200008b0     0x4  system_stm32f1xx.o [1]
    .data            inited   0x200008b4    0x38  xlocale_c.o [3]
    .data            inited   0x200008ec    0x48  xlocale_c.o [3]
    .data            inited   0x20000934    0x48  xfiles.o [3]
    .data            inited   0x2000097c     0x1  sd_diskio.o [1]
                            - 0x2000097d   0x97d

"P2", part 2 of 3:                         0x61c
  .bss               zero     0x20000980   0x404  usart.o [1]
  .bss               zero     0x20000d84    0x88  usart.o [1]
  .bss               zero     0x20000e0c    0x84  sdio.o [1]
  .bss               zero     0x20000e90    0x50  xfiles.o [3]
  .bss               zero     0x20000ee0    0x44  sdio.o [1]
  .bss               zero     0x20000f24    0x40  usart.o [1]
  .bss               zero     0x20000f64    0x18  ff.o [1]
  .bss               zero     0x20000f7c     0xc  ff_gen_drv.o [1]
  .bss               zero     0x20000f88     0x8  fatfs.o [1]
  .bss               zero     0x20000f90     0x8  ff.o [1]
  .bss               zero     0x20000f98     0x4  xfail_s.o [3]
                            - 0x20000f9c   0x61c

"P2", part 3 of 3:                        0x1000
  CSTACK                      0x20000fa0  0x1000  <Block>
    CSTACK           uninit   0x20000fa0  0x1000  <Block tail>
                            - 0x20001fa0  0x1000


*******************************************************************************
*** INIT TABLE
***

          Address     Size
          -------     ----
Zero (__iar_zero_init3)
    1 destination range, total size 0x61c:
          0x20000980  0x61c

Copy/lz77 (__iar_lz77_init_single3)
    1 source range, total size 0xae (7% of destination):
          0x08007112   0xae
    1 destination range, total size 0x97d:
          0x20000000  0x97d



*******************************************************************************
*** MODULE SUMMARY
***

    Module                  ro code  ro data  rw data
    ------                  -------  -------  -------
F:\program_space\STM32_application\Solar_energy\Solar_energy_testv1.0\EWARM\Solar_energy_testv1.0\Obj: [1]
    bsp_driver_sd.o             124
    ccsbcs.o                  1 308
    diskio.o                    116
    dma.o                        96
    fatfs.o                     656                 8
    ff.o                      7 356                32
    ff_gen_drv.o                120                12
    gpio.o                      184
    main.o                    1 156      158    2 212
    sd_diskio.o                 212       21        1
    sdio.o                      276               200
    startup_stm32f103xe.o       544
    stm32f1xx_hal.o             168        1       12
    stm32f1xx_hal_cortex.o      230
    stm32f1xx_hal_dma.o       1 058
    stm32f1xx_hal_gpio.o        480
    stm32f1xx_hal_msp.o         132
    stm32f1xx_hal_rcc.o       1 250
    stm32f1xx_hal_sd.o        2 364
    stm32f1xx_hal_uart.o      1 288
    stm32f1xx_it.o               80
    stm32f1xx_ll_sdmmc.o      1 316
    system_stm32f1xx.o           92        8        4
    usart.o                     452             1 228
    -------------------------------------------------
    Total:                   21 058      188    3 709

command line: [2]
    -------------------------------------------------
    Total:

dl7M_tlf.a: [3]
    abort.o                       6
    exit.o                        4
    low_level_init.o              4
    printf.o                     40
    putchar.o                    12
    xencoding_8859_1.o           30
    xfail_s.o                    68                 4
    xfiles.o                               5      152
    xlocale_c.o                 120       15      128
    xmbcurmax.o                  10
    xprintffull.o             3 918
    xprout.o                     22
    -------------------------------------------------
    Total:                    4 234       20      284

m7M_tl.a: [4]
    DblAdd.o                    360
    DblCmpGe.o                   46
    DblCmpLe.o                   46
    DblDiv.o                    582
    DblMul.o                    418
    DblSub.o                    226
    DblToS32.o                   58
    DblToU32.o                   40
    S32ToDbl.o                   34
    U32ToDbl.o                   26
    frexp.o                     112
    ldexp.o                     314
    -------------------------------------------------
    Total:                    2 262

rt7M_tl.a: [5]
    ABImemcpy.o                 166
    ABImemset.o                 102
    I64DivMod.o                 558
    I64DivZer.o                   2
    cexit.o                      10
    cmain.o                      30
    cstartup_M.o                 12
    data_init.o                  40
    lz77_init_single.o          122
    memchr.o                     88
    strchr.o                     22
    strlen.o                     54
    zero_init3.o                 64
    -------------------------------------------------
    Total:                    1 270

shb_l.a: [6]
    exit.o                       20
    -------------------------------------------------
    Total:                       20

    Gaps                         36
    Linker created                        32    4 096
-----------------------------------------------------
    Grand Total:             28 880      240    8 089


*******************************************************************************
*** ENTRY LIST
***

Entry                      Address   Size  Type      Object
-----                      -------   ----  ----      ------
.iar.init_table$$Base   0x08006f80          --   Gb  - Linker created -
.iar.init_table$$Limit  0x08006fa0          --   Gb  - Linker created -
?main                   0x08006fa1         Code  Gb  cmain.o [5]
AHBPrescTable           0x08006ea8   0x10  Data  Gb  system_stm32f1xx.o [1]
APBPrescTable           0x08007024    0x8  Data  Gb  system_stm32f1xx.o [1]
BSP_SD_GetCardInfo      0x08006e4f    0x8  Code  Gb  bsp_driver_sd.o [1]
BSP_SD_GetCardState     0x08006e3b   0x14  Code  Gb  bsp_driver_sd.o [1]
BSP_SD_Init             0x08006de1   0x2e  Code  Gb  bsp_driver_sd.o [1]
BSP_SD_ReadBlocks       0x08006e0f    0xc  Code  Gb  bsp_driver_sd.o [1]
BSP_SD_WriteBlocks      0x08006e1b    0xa  Code  Gb  bsp_driver_sd.o [1]
BusFault_Handler        0x08006ebf    0x2  Code  Gb  stm32f1xx_it.o [1]
CSTACK$$Base            0x20000fa0          --   Gb  - Linker created -
CSTACK$$Limit           0x20001fa0          --   Gb  - Linker created -
CacheMore               0x080036fd   0x24  Code  Lc  xlocale_c.o [3]
DMA1_Channel4_IRQHandler
                        0x08006ed7    0x6  Code  Gb  stm32f1xx_it.o [1]
DMA1_Channel5_IRQHandler
                        0x08006edd    0x6  Code  Gb  stm32f1xx_it.o [1]
DMA2_Channel4_5_IRQHandler
                        0x08006ef3    0x6  Code  Gb  stm32f1xx_it.o [1]
DMA_SetConfig           0x080059cd   0x22  Code  Lc  stm32f1xx_hal_dma.o [1]
DebugMon_Handler        0x08006ec5    0x2  Code  Gb  stm32f1xx_it.o [1]
ExCvt                   0x08000de4   0x80  Data  Lc  ff.o [1]
FATFS_LinkDriver        0x08002727    0x4  Code  Gb  ff_gen_drv.o [1]
FATFS_LinkDriverEx      0x080026ed   0x3a  Code  Gb  ff_gen_drv.o [1]
FATFS_UnLinkDriver      0x0800275b    0x4  Code  Gb  ff_gen_drv.o [1]
FATFS_UnLinkDriverEx    0x0800272b   0x30  Code  Gb  ff_gen_drv.o [1]
FatFs                   0x20000f94    0x4  Data  Lc  ff.o [1]
Files                   0x20000f64   0x18  Data  Lc  ff.o [1]
Fsid                    0x20000f90    0x2  Data  Lc  ff.o [1]
HAL_DMA_Abort           0x080056c7   0x32  Code  Gb  stm32f1xx_hal_dma.o [1]
HAL_DMA_Abort_IT        0x080056f9   0xdc  Code  Gb  stm32f1xx_hal_dma.o [1]
HAL_DMA_IRQHandler      0x080057d5  0x1b4  Code  Gb  stm32f1xx_hal_dma.o [1]
HAL_DMA_Init            0x080055cd   0x78  Code  Gb  stm32f1xx_hal_dma.o [1]
HAL_DMA_Start_IT        0x08005653   0x74  Code  Gb  stm32f1xx_hal_dma.o [1]
HAL_Delay               0x080053b9   0x28  Code  Wk  stm32f1xx_hal.o [1]
HAL_GPIO_Init           0x080053ed  0x196  Code  Gb  stm32f1xx_hal_gpio.o [1]
HAL_GPIO_WritePin       0x08005583    0xc  Code  Gb  stm32f1xx_hal_gpio.o [1]
HAL_GetTick             0x080053e1    0xc  Code  Wk  stm32f1xx_hal.o [1]
HAL_IncTick             0x08006f09   0x10  Code  Wk  stm32f1xx_hal.o [1]
HAL_Init                0x08005e75   0x20  Code  Gb  stm32f1xx_hal.o [1]
HAL_InitTick            0x08006741   0x40  Code  Wk  stm32f1xx_hal.o [1]
HAL_MspInit             0x08006781   0x84  Code  Gb  stm32f1xx_hal_msp.o [1]
HAL_NVIC_EnableIRQ      0x080066cb    0xa  Code  Gb  stm32f1xx_hal_cortex.o [1]
HAL_NVIC_SetPriority    0x08006691   0x3a  Code  Gb  stm32f1xx_hal_cortex.o [1]
HAL_NVIC_SetPriorityGrouping
                        0x08006677   0x1a  Code  Gb  stm32f1xx_hal_cortex.o [1]
HAL_RCC_ClockConfig     0x08006491  0x10c  Code  Gb  stm32f1xx_hal_rcc.o [1]
HAL_RCC_GetHCLKFreq     0x080065ed    0x6  Code  Gb  stm32f1xx_hal_rcc.o [1]
HAL_RCC_GetPCLK1Freq    0x080065f3   0x10  Code  Gb  stm32f1xx_hal_rcc.o [1]
HAL_RCC_GetPCLK2Freq    0x08006603    0xe  Code  Gb  stm32f1xx_hal_rcc.o [1]
HAL_RCC_GetSysClockFreq
                        0x080065b1   0x3c  Code  Gb  stm32f1xx_hal_rcc.o [1]
HAL_RCC_GetSysClockFreq::aPLLMULFactorTable
                        0x08006644   0x10  Data  Lc  stm32f1xx_hal_rcc.o [1]
HAL_RCC_GetSysClockFreq::aPredivFactorTable
                        0x08006654    0x2  Data  Lc  stm32f1xx_hal_rcc.o [1]
HAL_RCC_OscConfig       0x08006175  0x314  Code  Gb  stm32f1xx_hal_rcc.o [1]
HAL_SD_ConfigWideBusOperation
                        0x080049ed  0x10a  Code  Gb  stm32f1xx_hal_sd.o [1]
HAL_SD_GetCardCSD       0x080047fd  0x1cc  Code  Gb  stm32f1xx_hal_sd.o [1]
HAL_SD_GetCardInfo      0x080049c9   0x24  Code  Gb  stm32f1xx_hal_sd.o [1]
HAL_SD_GetCardState     0x08004b01   0x26  Code  Gb  stm32f1xx_hal_sd.o [1]
HAL_SD_Init             0x08004445   0x34  Code  Gb  stm32f1xx_hal_sd.o [1]
HAL_SD_InitCard         0x08004479   0x66  Code  Gb  stm32f1xx_hal_sd.o [1]
HAL_SD_MspInit          0x08004d99   0x8a  Code  Gb  sdio.o [1]
HAL_SD_ReadBlocks       0x080044df  0x178  Code  Gb  stm32f1xx_hal_sd.o [1]
HAL_SD_WriteBlocks      0x0800466f  0x15a  Code  Gb  stm32f1xx_hal_sd.o [1]
HAL_SYSTICK_CLKSourceConfig
                        0x08006707   0x1a  Code  Gb  stm32f1xx_hal_cortex.o [1]
HAL_SYSTICK_Config      0x080066df   0x28  Code  Gb  stm32f1xx_hal_cortex.o [1]
HAL_SYSTICK_IRQHandler  0x08006739    0x4  Code  Gb  stm32f1xx_hal_cortex.o [1]
HAL_UART_DMAStop        0x0800690f   0x48  Code  Gb  stm32f1xx_hal_uart.o [1]
HAL_UART_IRQHandler     0x0800696f  0x152  Code  Gb  stm32f1xx_hal_uart.o [1]
HAL_UART_Init           0x08006805   0x1e  Code  Gb  stm32f1xx_hal_uart.o [1]
HAL_UART_MspInit        0x08005ff5   0xca  Code  Gb  usart.o [1]
HAL_UART_Receive_DMA    0x0800687d   0x92  Code  Gb  stm32f1xx_hal_uart.o [1]
HardFault_Handler       0x08006ebb    0x2  Code  Gb  stm32f1xx_it.o [1]
LfnOfs                  0x08000bdc   0x10  Data  Lc  ff.o [1]
LoadInt                 0x0800295b   0x7a  Code  Lc  xprintffull.o [3]
MX_DMA_Init             0x08005f51   0x60  Code  Gb  dma.o [1]
MX_FATFS_Init           0x0800245d   0x10  Code  Gb  fatfs.o [1]
MX_GPIO_Init            0x08005e99   0xb8  Code  Gb  gpio.o [1]
MX_SDIO_SD_Init         0x08004d81   0x18  Code  Gb  sdio.o [1]
MX_USART1_UART_Init     0x08005fbf   0x36  Code  Gb  usart.o [1]
MemManage_Handler       0x08006ebd    0x2  Code  Gb  stm32f1xx_it.o [1]
NMI_Handler             0x08006eb9    0x2  Code  Gb  stm32f1xx_it.o [1]
NVIC_SetPriority        0x08006659   0x1e  Code  Lc  stm32f1xx_hal_cortex.o [1]
PendSV_Handler          0x08006ec7    0x2  Code  Gb  stm32f1xx_it.o [1]
ReadBuffer              0x20000464  0x400  Data  Gb  main.o [1]
Region$$Table$$Base     0x08006f80          --   Gb  - Linker created -
Region$$Table$$Limit    0x08006fa0          --   Gb  - Linker created -
SDIO_ConfigData         0x08004f13   0x24  Code  Gb  stm32f1xx_ll_sdmmc.o [1]
SDIO_GetPowerState      0x08004ed5    0x8  Code  Gb  stm32f1xx_ll_sdmmc.o [1]
SDIO_GetResponse        0x08004eff   0x14  Code  Gb  stm32f1xx_ll_sdmmc.o [1]
SDIO_Init               0x08004e95   0x2a  Code  Gb  stm32f1xx_ll_sdmmc.o [1]
SDIO_PowerState_ON      0x08004ecb    0x4  Code  Gb  stm32f1xx_ll_sdmmc.o [1]
SDIO_ReadFIFO           0x08004ebf    0x2  Code  Gb  stm32f1xx_ll_sdmmc.o [1]
SDIO_SendCommand        0x08004edd   0x22  Code  Gb  stm32f1xx_ll_sdmmc.o [1]
SDIO_WriteFIFO          0x08004ec1    0xa  Code  Gb  stm32f1xx_ll_sdmmc.o [1]
SDMMC_CmdAppCommand     0x080050af   0x14  Code  Gb  stm32f1xx_ll_sdmmc.o [1]
SDMMC_CmdAppOperCommand
                        0x080050c3   0x16  Code  Gb  stm32f1xx_ll_sdmmc.o [1]
SDMMC_CmdBlockLength    0x08004f3d   0x14  Code  Gb  stm32f1xx_ll_sdmmc.o [1]
SDMMC_CmdBusWidth       0x080050d9    0x4  Code  Gb  stm32f1xx_ll_sdmmc.o [1]
SDMMC_CmdGoIdleState    0x08005011   0x3e  Code  Gb  stm32f1xx_ll_sdmmc.o [1]
SDMMC_CmdOperCond       0x0800504f   0x48  Code  Gb  stm32f1xx_ll_sdmmc.o [1]
SDMMC_CmdReadMultiBlock
                        0x08004f65   0x14  Code  Gb  stm32f1xx_ll_sdmmc.o [1]
SDMMC_CmdReadSingleBlock
                        0x08004f51   0x14  Code  Gb  stm32f1xx_ll_sdmmc.o [1]
SDMMC_CmdSelDesel       0x08004fe5   0x1c  Code  Gb  stm32f1xx_ll_sdmmc.o [1]
SDMMC_CmdSendCID        0x080050fb   0x12  Code  Gb  stm32f1xx_ll_sdmmc.o [1]
SDMMC_CmdSendCSD        0x0800511d   0x12  Code  Gb  stm32f1xx_ll_sdmmc.o [1]
SDMMC_CmdSendSCR        0x080050dd   0x16  Code  Gb  stm32f1xx_ll_sdmmc.o [1]
SDMMC_CmdSendStatus     0x080051cb   0x14  Code  Gb  stm32f1xx_ll_sdmmc.o [1]
SDMMC_CmdSetRelAdd      0x0800513d   0x8e  Code  Gb  stm32f1xx_ll_sdmmc.o [1]
SDMMC_CmdStopTransfer   0x08004fb9   0x16  Code  Gb  stm32f1xx_ll_sdmmc.o [1]
SDMMC_CmdWriteMultiBlock
                        0x08004f8d   0x14  Code  Gb  stm32f1xx_ll_sdmmc.o [1]
SDMMC_CmdWriteSingleBlock
                        0x08004f79   0x14  Code  Gb  stm32f1xx_ll_sdmmc.o [1]
SDMMC_GetCmdResp1       0x08005207  0x118  Code  Lc  stm32f1xx_ll_sdmmc.o [1]
SDMMC_GetCmdResp2       0x0800531f   0x3e  Code  Lc  stm32f1xx_ll_sdmmc.o [1]
SDMMC_GetCmdResp3       0x0800535d   0x34  Code  Lc  stm32f1xx_ll_sdmmc.o [1]
SDPath                  0x20000f8c    0x4  Data  Gb  fatfs.o [1]
SD_Driver               0x08006ff4   0x14  Data  Gb  sd_diskio.o [1]
SD_FindSCR              0x08004c8f   0xdc  Code  Lc  stm32f1xx_hal_sd.o [1]
SD_InitCard             0x08004b27   0xc4  Code  Lc  stm32f1xx_hal_sd.o [1]
SD_PowerON              0x08004bfb   0x94  Code  Lc  stm32f1xx_hal_sd.o [1]
SD_initialize           0x08006d0d    0xe  Code  Gb  sd_diskio.o [1]
SD_ioctl                0x08006d8d   0x48  Code  Gb  sd_diskio.o [1]
SD_read                 0x08006d35   0x26  Code  Gb  sd_diskio.o [1]
SD_status               0x08006d1b    0xc  Code  Gb  sd_diskio.o [1]
SD_write                0x08006d5b   0x26  Code  Gb  sd_diskio.o [1]
SVC_Handler             0x08006ec3    0x2  Code  Gb  stm32f1xx_it.o [1]
Stat                    0x2000097c    0x1  Data  Lc  sd_diskio.o [1]
SysTick_Handler         0x08006ec9    0xe  Code  Gb  stm32f1xx_it.o [1]
SystemClock_Config      0x08005b7f   0x72  Code  Gb  main.o [1]
SystemCoreClock         0x200008b0    0x4  Data  Gb  system_stm32f1xx.o [1]
SystemInit              0x08006e5d   0x3a  Code  Gb  system_stm32f1xx.o [1]
Tbl                     0x08001f9c  0x100  Data  Lc  ccsbcs.o [1]
UART_DMAAbortOnError    0x08006b79    0xc  Code  Lc  stm32f1xx_hal_uart.o [1]
UART_DMAError           0x08006b01   0x4a  Code  Lc  stm32f1xx_hal_uart.o [1]
UART_DMAReceiveCplt     0x08006ac1   0x38  Code  Lc  stm32f1xx_hal_uart.o [1]
UART_DMARxHalfCplt      0x08006af9    0x6  Code  Lc  stm32f1xx_hal_uart.o [1]
UART_EndRxTransfer      0x08006b5d   0x1c  Code  Lc  stm32f1xx_hal_uart.o [1]
UART_EndTxTransfer      0x08006b4b   0x12  Code  Lc  stm32f1xx_hal_uart.o [1]
UART_Receive_IT         0x08006b85   0x96  Code  Lc  stm32f1xx_hal_uart.o [1]
UART_SetConfig          0x08006c1b   0xde  Code  Lc  stm32f1xx_hal_uart.o [1]
USART1_IRQHandler       0x08006ee3   0x10  Code  Gb  stm32f1xx_it.o [1]
UsageFault_Handler      0x08006ec1    0x2  Code  Gb  stm32f1xx_it.o [1]
Usart1Receive_IDLE      0x080060bf   0x46  Code  Gb  usart.o [1]
Usart1_RX               0x20000980  0x404  Data  Gb  usart.o [1]
WriteBuffer             0x20000864   0x40  Data  Gb  main.o [1]
_Encoding_8859_1_Mbrlen
                        0x080036ed    0x2  Code  Gb  xencoding_8859_1.o [3]
_Encoding_8859_1_Wctomb
                        0x080036db   0x12  Code  Gb  xencoding_8859_1.o [3]
_Error_Handler          0x08005bf1    0x2  Code  Gb  main.o [1]
_GenldFull              0x080033db  0x250  Code  Lc  xprintffull.o [3]
_LdtobFull              0x08002fb1  0x3fe  Code  Lc  xprintffull.o [3]
_LitobFull              0x08002e59  0x112  Code  Lc  xprintffull.o [3]
_Locale_lconv           0x200008b4   0x38  Data  Lc  xlocale_c.o [3]
_PrintfFull             0x0800278d  0x1b8  Code  Gb  xprintffull.o [3]
_Prout                  0x08006fd3   0x16  Code  Gb  xprout.o [3]
_PutcharsFull           0x0800362b   0x2e  Code  Lc  xprintffull.o [3]
_PutfldFull             0x080029d5  0x2d0  Code  Lc  xprintffull.o [3]
_PutstrFull             0x08002d9b   0xbe  Code  Lc  xprintffull.o [3]
_PuttxtFull             0x08002ca5   0xf6  Code  Lc  xprintffull.o [3]
__aeabi_cdcmple         0x08003d55         Code  Gb  DblCmpLe.o [4]
__aeabi_cdrcmple        0x08003d85         Code  Gb  DblCmpGe.o [4]
__aeabi_d2iz            0x08003ef1         Code  Gb  DblToS32.o [4]
__aeabi_d2uiz           0x0800427d         Code  Gb  DblToU32.o [4]
__aeabi_ddiv            0x08004035         Code  Gb  DblDiv.o [4]
__aeabi_dmul            0x08003b41         Code  Gb  DblMul.o [4]
__aeabi_dsub            0x08003f51         Code  Gb  DblSub.o [4]
__aeabi_i2d             0x08003f2d         Code  Gb  S32ToDbl.o [4]
__aeabi_ldiv0           0x080042c5         Code  Gb  I64DivZer.o [5]
__aeabi_memcpy          0x08003869         Code  Gb  ABImemcpy.o [5]
__aeabi_memcpy4         0x08003889         Code  Gb  ABImemcpy.o [5]
__aeabi_memcpy8         0x08003889         Code  Gb  ABImemcpy.o [5]
__aeabi_memset          0x08001ded         Code  Gb  ABImemset.o [5]
__aeabi_ui2d            0x080042a5         Code  Gb  U32ToDbl.o [4]
__aeabi_uldivmod        0x08003911         Code  Gb  I64DivMod.o [5]
__cmain                 0x08006fa1         Code  Gb  cmain.o [5]
__exit                  0x08004431   0x14  Code  Gb  exit.o [6]
__iar_Fail_s            0x08003789   0x1e  Code  Gb  xfail_s.o [3]
__iar_Mbcurmax          0x0800385d    0xa  Code  Gb  xmbcurmax.o [3]
__iar_Memchr            0x08003805         Code  Gb  memchr.o [5]
__iar_Memset            0x08001ded         Code  Gb  ABImemset.o [5]
__iar_Memset_word       0x08001df5         Code  Gb  ABImemset.o [5]
__iar_Stdout            0x20000934   0x48  Data  Gb  xfiles.o [3]
__iar_Strchr            0x08003771         Code  Gb  strchr.o [5]
__iar_dadd              0x08003f61         Code  Gb  DblSub.o [4]
__iar_data_init3        0x08006f59   0x28  Code  Gb  data_init.o [5]
__iar_dsub              0x080042c9         Code  Gb  DblAdd.o [4]
__iar_dsubStart         0x080042db         Code  Gb  DblAdd.o [4]
__iar_frexp             0x08003cf1         Code  Gb  frexp.o [4]
__iar_frexp64           0x08003ce5         Code  Gb  frexp.o [4]
__iar_frexpl            0x08003cf1         Code  Gb  frexp.o [4]
__iar_globLocale        0x200008ec   0x48  Data  Lc  xlocale_c.o [3]
__iar_global_Locale     0x080036f9    0x4  Code  Gb  xlocale_c.o [3]
__iar_ldexp64           0x08003db5         Code  Gb  ldexp.o [4]
__iar_lz77_init_single3
                        0x08001e53   0x7a  Code  Gb  lz77_init_single.o [5]
__iar_program_start     0x08007019         Code  Gb  cstartup_M.o [5]
__iar_scalbln64         0x08003db5         Code  Gb  ldexp.o [4]
__iar_scalbn64          0x08003db5         Code  Gb  ldexp.o [4]
__iar_systems$$module {Abs}
                        0x00000001         Data  Gb  command line/config [2]
__iar_zero_init3        0x08006f19   0x40  Code  Gb  zero_init3.o [5]
__low_level_init        0x08006fbf    0x4  Code  Gb  low_level_init.o [3]
__vector_table          0x08000000         Data  Gb  startup_stm32f103xe.o [1]
_call_main              0x08006fad         Code  Gb  cmain.o [5]
_exit                   0x08006fc9         Code  Gb  cexit.o [5]
_gLocale_mblen          0x08003759    0x4  Code  Gb  xlocale_c.o [3]
_gLocale_mblenInt       0x08003721   0x34  Code  Gb  xlocale_c.o [3]
_gLocale_wctomb         0x0800375d    0x4  Code  Gb  xlocale_c.o [3]
_gLocale_wctombInt      0x08003755    0x4  Code  Gb  xlocale_c.o [3]
_main                   0x08006fbb         Code  Gb  cmain.o [5]
abort                   0x080042bf    0x6  Code  Gb  abort.o [3]
check_fs                0x08000f23   0x68  Code  Lc  ff.o [1]
chk_chr                 0x08000153   0x10  Code  Lc  ff.o [1]
chk_lock                0x08000163   0x62  Code  Lc  ff.o [1]
clear_lock              0x08000277   0x1c  Code  Lc  ff.o [1]
clmt_clust              0x08000695   0x2e  Code  Lc  ff.o [1]
clust2sect              0x080003cb   0x20  Code  Gb  ff.o [1]
create_chain            0x080005eb   0x9c  Code  Lc  ff.o [1]
create_name             0x08000bfd  0x1da  Code  Lc  ff.o [1]
dec_lock                0x08000241   0x36  Code  Lc  ff.o [1]
dir_find                0x08000905  0x132  Code  Lc  ff.o [1]
dir_next                0x08000745   0xe8  Code  Lc  ff.o [1]
dir_register            0x08000a37  0x1a4  Code  Lc  ff.o [1]
dir_sdi                 0x080006c3   0x82  Code  Lc  ff.o [1]
disk                    0x20000f7c    0xc  Data  Gb  ff_gen_drv.o [1]
disk_initialize         0x08001edf   0x1e  Code  Gb  diskio.o [1]
disk_ioctl              0x08001f25   0x18  Code  Gb  diskio.o [1]
disk_read               0x08001efd    0xc  Code  Gb  diskio.o [1]
disk_status             0x08001ecd   0x12  Code  Gb  diskio.o [1]
disk_write              0x08001f09    0xc  Code  Gb  diskio.o [1]
exit                    0x08006fc3    0x4  Code  Gb  exit.o [3]
f_close                 0x080017f3   0x2a  Code  Gb  ff.o [1]
f_mkfs                  0x08001859  0x4ec  Code  Gb  ff.o [1]
f_mkfs::cst             0x08001dd4   0x18  Data  Lc  ff.o [1]
f_mkfs::vst             0x08001dbc   0x18  Data  Lc  ff.o [1]
f_mount                 0x0800127b   0x5c  Code  Gb  ff.o [1]
f_open                  0x080012d7  0x18a  Code  Gb  ff.o [1]
f_read                  0x08001475  0x144  Code  Gb  ff.o [1]
f_res                   0x20000000    0x1  Data  Gb  main.o [1]
f_sync                  0x0800174b   0xa0  Code  Gb  ff.o [1]
f_write                 0x080015c5  0x16e  Code  Gb  ff.o [1]
ff_convert              0x08001f41   0x3e  Code  Gb  ccsbcs.o [1]
ff_wtoupper             0x08001f7f   0x1e  Code  Gb  ccsbcs.o [1]
ff_wtoupper::tbl_lower  0x0800209c  0x1e0  Data  Lc  ccsbcs.o [1]
ff_wtoupper::tbl_upper  0x0800227c  0x1e0  Data  Lc  ccsbcs.o [1]
file                    0x20000238  0x22c  Data  Gb  main.o [1]
find_volume             0x08000f8b  0x2b8  Code  Lc  ff.o [1]
fnum                    0x20000004    0x4  Data  Gb  main.o [1]
follow_path             0x08000e6d   0x72  Code  Lc  ff.o [1]
fputc                   0x08005fb1    0xe  Code  Gb  usart.o [1]
frexp                   0x08003ce5         Code  Gb  frexp.o [4]
frexpl                  0x08003ce5         Code  Gb  frexp.o [4]
fs                      0x20000008  0x230  Data  Gb  main.o [1]
gen_numname             0x08000865   0x84  Code  Lc  ff.o [1]
get_fat                 0x080003eb   0xac  Code  Gb  ff.o [1]
get_fattime             0x08002475    0x4  Code  Gb  fatfs.o [1]
get_ldnumber            0x08000edf   0x44  Code  Lc  ff.o [1]
hdma_sdio               0x20000ee0   0x44  Data  Gb  sdio.o [1]
hdma_usart1_rx          0x20000d84   0x44  Data  Gb  usart.o [1]
hdma_usart1_tx          0x20000dc8   0x44  Data  Gb  usart.o [1]
hsd                     0x20000e0c   0x84  Data  Gb  sdio.o [1]
huart1                  0x20000f24   0x40  Data  Gb  usart.o [1]
inc_lock                0x080001c5   0x7c  Code  Lc  ff.o [1]
ld_clust                0x08000833   0x20  Code  Lc  ff.o [1]
ldexp                   0x08003db5         Code  Gb  ldexp.o [4]
ldexpl                  0x08003db5         Code  Gb  ldexp.o [4]
localeconv              0x08003761    0x4  Code  Gb  xlocale_c.o [3]
main                    0x080059f1  0x16c  Code  Gb  main.o [1]
mem_cpy                 0x08000131   0x14  Code  Lc  ff.o [1]
mem_set                 0x08000145    0xe  Code  Lc  ff.o [1]
memchr                  0x08003805         Code  Gb  memchr.o [5]
move_window             0x080002e9   0x38  Code  Lc  ff.o [1]
obuf                    0x20000e90   0x50  Data  Lc  xfiles.o [3]
printf                  0x08002765   0x28  Code  Gb  printf.o [3]
printf_fatfs_error      0x08002479   0x92  Code  Gb  fatfs.o [1]
put_fat                 0x0800049d   0xde  Code  Gb  ff.o [1]
putchar                 0x08006fe9    0xc  Code  Gb  putchar.o [3]
remove_chain            0x08000587   0x5e  Code  Lc  ff.o [1]
retSD                   0x20000f88    0x1  Data  Gb  fatfs.o [1]
scalbln                 0x08003db5         Code  Gb  ldexp.o [4]
scalblnl                0x08003db5         Code  Gb  ldexp.o [4]
scalbn                  0x08003db5         Code  Gb  ldexp.o [4]
scalbnl                 0x08003db5         Code  Gb  ldexp.o [4]
scale                   0x08002f6b   0x46  Code  Lc  xprintffull.o [3]
sec_hand                0x20000f98    0x4  Data  Lc  xfail_s.o [3]
st_clust                0x08000853   0x12  Code  Lc  ff.o [1]
strchr                  0x08003771         Code  Gb  strchr.o [5]
strlen                  0x080037cd         Code  Gb  strlen.o [5]
sum_sfn                 0x080008e9   0x1c  Code  Lc  ff.o [1]
sync_fs                 0x08000321   0xaa  Code  Lc  ff.o [1]
sync_window             0x08000299   0x44  Code  Lc  ff.o [1]
uwTick                  0x200008a8    0x4  Data  Gb  stm32f1xx_hal.o [1]
uwTickFreq              0x200008a4    0x1  Data  Gb  stm32f1xx_hal.o [1]
uwTickPrio              0x200008ac    0x4  Data  Gb  stm32f1xx_hal.o [1]
validate                0x08001249   0x32  Code  Lc  ff.o [1]


[1] = F:\program_space\STM32_application\Solar_energy\Solar_energy_testv1.0\EWARM\Solar_energy_testv1.0\Obj
[2] = command line
[3] = dl7M_tlf.a
[4] = m7M_tl.a
[5] = rt7M_tl.a
[6] = shb_l.a

  28 880 bytes of readonly  code memory
     240 bytes of readonly  data memory
   8 089 bytes of readwrite data memory

Errors: none
Warnings: none
